../Core/Src/main.c:88:5:main	8	static
../Core/Src/main.c:154:6:SystemClock_Config	88	static
../Core/Src/main.c:208:13:MX_ADC1_Init	24	static
../Core/Src/main.c:296:13:MX_SPI3_Init	8	static
../Core/Src/main.c:334:13:MX_TIM1_Init	80	static
../Core/Src/main.c:412:13:MX_UART7_Init	8	static
../Core/Src/main.c:445:13:MX_USART1_UART_Init	8	static
../Core/Src/main.c:476:13:MX_DMA_Init	16	static
../Core/Src/main.c:507:13:MX_GPIO_Init	56	static
../Core/Src/main.c:595:6:Error_Handler	4	static,ignoring_inline_asm
